// Jest Snapshot v1, https://goo.gl/fbAQLP

exports[`<Country /> Snapshot tests should render correctly 1`] = `
<ul
  className="sc-htpNat eZEtUy"
>
  <li
    className="sc-bwzfXH hQcoUX"
  >
    <img
      alt="Spain"
      className="sc-bdVaJa gChJQj"
      src="https://www.countryflags.io/ES/flat/16.png"
    />
    <span
      className="sc-bxivhb hMCZnY"
    >
      Spain
    </span>
  </li>
  <li
    className="sc-bwzfXH hQcoUX"
  >
    <img
      alt="Italy"
      className="sc-bdVaJa gChJQj"
      src="https://www.countryflags.io/IT/flat/16.png"
    />
    <span
      className="sc-bxivhb hMCZnY"
    >
      Italy
    </span>
  </li>
  <li
    className="sc-bwzfXH hQcoUX"
  >
    <img
      alt="Thailand"
      className="sc-bdVaJa gChJQj"
      src="https://www.countryflags.io/TH/flat/16.png"
    />
    <span
      className="sc-bxivhb hMCZnY"
    >
      Thailand
    </span>
  </li>
</ul>
`;
