// Jest Snapshot v1, https://goo.gl/fbAQLP

exports[`<Combobox /> Snapshot tests should render correctly 1`] = `
<div
  aria-expanded={false}
  aria-haspopup="listbox"
  aria-owns="react-autowhatever-combobox-001"
  className="react-autosuggest__container"
  role="combobox"
>
  <input
    aria-activedescendant={null}
    aria-autocomplete="list"
    aria-controls="react-autowhatever-combobox-001"
    autoComplete="off"
    className="form-control"
    id="combobox-001"
    onBlur={[Function]}
    onChange={[Function]}
    onFocus={[Function]}
    onKeyDown={[Function]}
    placeholder="Combobox"
    type="text"
    value=""
  />
  <div
    className="react-autosuggest__suggestions-container"
    id="react-autowhatever-combobox-001"
    role="listbox"
  />
</div>
`;
