// Jest Snapshot v1, https://goo.gl/fbAQLP

exports[`<NotFound /> Snapshot tests should render correctly 1`] = `
<div
  className="row justify-content-sm-center"
>
  <div
    className="col-md-10 col-lg-8"
  >
    <div
      className="card text-text-left mb-3"
    >
      <div
        className="card-body"
      >
        <h5
          className="card-title"
        >
          404
        </h5>
        <p
          className="card-text"
        >
          This is not webpage you are looking for.
        </p>
        <a
          href="/"
          onClick={[Function]}
        >
          Go back to Home page
        </a>
      </div>
    </div>
  </div>
</div>
`;
